// Jest Snapshot v1, https://goo.gl/fbAQLP

exports[`<GroupList /> should match the snapshot 1`] = `
<div>
  <Table
    as="table"
  >
    <TableHeader
      as="thead"
    >
      <TableRow
        as="tr"
        cellAs="td"
      >
        <TableHeaderCell
          as="th"
          onClick={[Function]}
          style={
            Object {
              "cursor": "pointer",
            }
          }
        >
          Group Name
        </TableHeaderCell>
        <TableHeaderCell
          as="th"
          onClick={[Function]}
          style={
            Object {
              "cursor": "pointer",
            }
          }
        >
          People
        </TableHeaderCell>
      </TableRow>
    </TableHeader>
    <TableBody
      as="tbody"
    >
      <TableRow
        as="tr"
        cellAs="td"
        key="132"
      >
        <TableCell
          as="td"
        >
          Developers
        </TableCell>
        <TableCell
          as="td"
        />
      </TableRow>
    </TableBody>
  </Table>
  <CsvImporter
    error={[Function]}
    finished={[Function]}
    model="groups"
  />
</div>
`;
